yarn run v1.22.10
$ sucrase-node src/server.js
server is running at port 3000
{"level":"ERROR","timestamp":"2021-08-03T14:29:29.044Z","logger":"kafkajs","message":"[Connection] Response Metadata(key: 3, version: 6)","broker":"localhost:9092","clientId":"api","error":"There is no leader for this topic-partition as we are in the middle of a leadership election","correlationId":1,"size":92}
yarn run v1.22.10
$ sucrase-node src/server.js
server is running at port 3000
yarn run v1.22.10
$ sucrase-node src/server.js
server is running at port 3000
yarn run v1.22.10
$ sucrase-node src/server.js
server is running at port 3000
yarn run v1.22.10
$ sucrase-node src/server.js
server is running at port 3000
yarn run v1.22.10
$ sucrase-node src/server.js
yarn run v1.22.10
$ sucrase-node src/server.js
yarn run v1.22.10
$ sucrase-node src/server.js
yarn run v1.22.10
$ sucrase-node src/server.js
{"level":"ERROR","timestamp":"2021-08-03T15:42:18.282Z","logger":"kafkajs","message":"[Connection] Response SyncGroup(key: 14, version: 3)","broker":"localhost:9092","clientId":"api","error":"The group is rebalancing, so a rejoin is needed","correlationId":5,"size":14}
server is running at port 3000
yarn run v1.22.10
$ sucrase-node src/server.js
